--- DIAGNOSTIC START ---
node : CRITICAL: GOOGLE_GEMINI_API_KEY not found in .env.local or environment.
No linha:1 caractere:1
+ node test-gemini.js > test_output.txt 2>&1
+ ~~~~~~~~~~~~~~~~~~~~~~~~~~~~~~~~~~~~~~~~~~
    + CategoryInfo          : NotSpecified: (CRITICAL: GOOGL...or environment.:String) [], RemoteException
    + FullyQualifiedErrorId : NativeCommandError
 

Testing model: gemini-1.5-flash...
FAILED gemini-1.5-flash:
[GoogleGenerativeAI Error]: Error fetching from 
https://generativelanguage.googleapis.com/v1beta/models/gemini-1.5-flash:generateContent: [403 Forbidden] Method 
doesn't allow unregistered callers (callers without established identity). Please use API Key or other form of API 
consumer identity to call this API.

Testing model: gemini-1.5-pro...
FAILED gemini-1.5-pro:
[GoogleGenerativeAI Error]: Error fetching from 
https://generativelanguage.googleapis.com/v1beta/models/gemini-1.5-pro:generateContent: [403 Forbidden] Method doesn't 
allow unregistered callers (callers without established identity). Please use API Key or other form of API consumer 
identity to call this API.

Testing model: gemini-2.0-flash-exp...
FAILED gemini-2.0-flash-exp:
[GoogleGenerativeAI Error]: Error fetching from 
https://generativelanguage.googleapis.com/v1beta/models/gemini-2.0-flash-exp:generateContent: [403 Forbidden] Method 
doesn't allow unregistered callers (callers without established identity). Please use API Key or other form of API 
consumer identity to call this API.

Testing model: gemini-pro...
FAILED gemini-pro:
[GoogleGenerativeAI Error]: Error fetching from 
https://generativelanguage.googleapis.com/v1beta/models/gemini-pro:generateContent: [403 Forbidden] Method doesn't 
allow unregistered callers (callers without established identity). Please use API Key or other form of API consumer 
identity to call this API.

--- DIAGNOSTIC RESULT: ALL FAILED ---
If all models failed with 403, your API KEY is likely invalid or has no credits/access.
If some failed with 404, those models are invalid/deprecated.
